69
167
279
404
436
494
580
656
755
905
927
942
988
