256
573
597
733
770
1072
1160
1202
1404
1666
1804
1897
2104
2334
2479
2528
2540
2656
2714
3093
3513
4209
4648
4803
4812
4854
4920
5235
5269
5377
5448
5482
5523
5649
6088
6160
6676
6783
7184
7190
7420
7491
7492
7494
7550
7676
8054
8056
8124
8710
8923
9008
9026
9188
9283
9307
9347
9528
9633
9805