5
62
78
212
223
235
257
286
312
388
421
667
675
679
751
807
810
819
872
880
906
960
996
997
