57
71
109
291
346
374
484
508
542
574
609
737
801
852
