1 -- 2: -4 A
2 -- 3: -4 A
3 -- 1: -4 A
1 -- 1: 0 A