
1 -- 2: 20 A
1 -- 6: -20 A
2 -- 3: 20 A
2 -- 7: 0 A
3 -- 4: 20 A
3 -- 8: 0 A
4 -- 5: 20 A
4 -- 9: 0 A
5 -- 10: 20 A
6 -- 7: 20 A
6 -- 11: -40 A
7 -- 8: 20 A
7 -- 12: 0 A
8 -- 9: 20 A
8 -- 13: 0 A
9 -- 10: 20 A
9 -- 14: 0 A
10 -- 15: 40 A
11 -- 12: 20 A
12 -- 13: 20 A
13 -- 14: 20 A
14 -- 15: 20 A
11 -- 16: -60 A
15 -- 20: 60 A
20 -- 16: 60 A
